mode: set
rich_chat/lang_pack_load/lang_pack_load.go:15.66,23.2 2 1
rich_chat/lang_pack_load/lang_pack_load.go:25.32,27.16 2 1
rich_chat/lang_pack_load/lang_pack_load.go:27.16,30.3 1 1
rich_chat/lang_pack_load/lang_pack_load.go:31.2,32.16 2 1
rich_chat/lang_pack_load/lang_pack_load.go:32.16,35.3 1 1
rich_chat/lang_pack_load/lang_pack_load.go:38.46,40.9 2 1
rich_chat/lang_pack_load/lang_pack_load.go:40.9,42.3 1 1
rich_chat/lang_pack_load/lang_pack_load.go:43.2,44.9 2 1
rich_chat/lang_pack_load/lang_pack_load.go:44.9,47.10 2 1
rich_chat/lang_pack_load/lang_pack_load.go:47.10,49.4 1 0
rich_chat/lang_pack_load/lang_pack_load.go:51.2,51.13 1 1
rich_chat/server_api/database/cached_user_repository.go:18.93,23.2 1 1
rich_chat/server_api/database/cached_user_repository.go:26.87,28.16 2 1
rich_chat/server_api/database/cached_user_repository.go:28.16,30.3 1 1
rich_chat/server_api/database/cached_user_repository.go:33.2,40.20 5 1
rich_chat/server_api/database/cached_user_repository.go:44.64,47.51 2 1
rich_chat/server_api/database/cached_user_repository.go:47.51,48.24 1 1
rich_chat/server_api/database/cached_user_repository.go:48.24,54.4 2 1
rich_chat/server_api/database/cached_user_repository.go:58.2,59.16 2 1
rich_chat/server_api/database/cached_user_repository.go:59.16,63.3 2 1
rich_chat/server_api/database/cached_user_repository.go:66.2,67.18 2 1
rich_chat/server_api/database/cached_user_repository.go:71.79,75.51 2 1
rich_chat/server_api/database/cached_user_repository.go:75.51,76.19 1 1
rich_chat/server_api/database/cached_user_repository.go:76.19,82.4 2 0
rich_chat/server_api/database/cached_user_repository.go:84.3,87.34 1 1
rich_chat/server_api/database/cached_user_repository.go:91.2,92.16 2 1
rich_chat/server_api/database/cached_user_repository.go:92.16,96.3 2 1
rich_chat/server_api/database/cached_user_repository.go:99.2,105.18 4 1
rich_chat/server_api/database/cached_user_repository.go:109.65,112.51 2 1
rich_chat/server_api/database/cached_user_repository.go:112.51,119.3 3 1
rich_chat/server_api/database/cached_user_repository.go:122.2,123.16 2 1
rich_chat/server_api/database/cached_user_repository.go:123.16,125.3 1 1
rich_chat/server_api/database/cached_user_repository.go:128.2,128.12 1 1
rich_chat/server_api/database/cached_user_repository.go:128.12,130.3 1 1
rich_chat/server_api/database/cached_user_repository.go:130.8,132.3 1 1
rich_chat/server_api/database/cached_user_repository.go:134.2,134.20 1 1
rich_chat/server_api/database/cached_user_repository.go:138.80,142.51 2 0
rich_chat/server_api/database/cached_user_repository.go:142.51,143.19 1 0
rich_chat/server_api/database/cached_user_repository.go:143.19,149.4 2 0
rich_chat/server_api/database/cached_user_repository.go:151.3,155.19 2 0
rich_chat/server_api/database/cached_user_repository.go:159.2,160.16 2 0
rich_chat/server_api/database/cached_user_repository.go:160.16,162.3 1 0
rich_chat/server_api/database/cached_user_repository.go:165.2,165.12 1 0
rich_chat/server_api/database/cached_user_repository.go:165.12,167.3 1 0
rich_chat/server_api/database/cached_user_repository.go:167.8,169.3 1 0
rich_chat/server_api/database/cached_user_repository.go:171.2,171.20 1 0
rich_chat/server_api/database/cached_user_repository.go:175.78,178.51 2 1
rich_chat/server_api/database/cached_user_repository.go:178.51,179.19 1 1
rich_chat/server_api/database/cached_user_repository.go:179.19,185.4 2 0
rich_chat/server_api/database/cached_user_repository.go:187.3,189.17 3 1
rich_chat/server_api/database/cached_user_repository.go:189.17,195.4 2 0
rich_chat/server_api/database/cached_user_repository.go:197.3,201.24 2 1
rich_chat/server_api/database/cached_user_repository.go:205.2,206.16 2 1
rich_chat/server_api/database/cached_user_repository.go:206.16,209.3 2 1
rich_chat/server_api/database/cached_user_repository.go:212.2,213.16 2 1
rich_chat/server_api/database/cached_user_repository.go:213.16,219.3 2 0
rich_chat/server_api/database/cached_user_repository.go:221.2,222.22 2 1
rich_chat/server_api/database/cached_user_repository.go:226.83,228.16 2 1
rich_chat/server_api/database/cached_user_repository.go:228.16,230.3 1 1
rich_chat/server_api/database/cached_user_repository.go:233.2,234.12 2 1
rich_chat/server_api/database/cached_user_repository.go:238.89,240.16 2 1
rich_chat/server_api/database/cached_user_repository.go:240.16,242.3 1 1
rich_chat/server_api/database/cached_user_repository.go:245.2,246.12 2 1
rich_chat/server_api/database/cached_user_repository.go:250.66,252.2 1 1
rich_chat/server_api/database/cached_user_repository.go:255.96,257.2 1 1
rich_chat/server_api/database/cached_user_repository.go:260.61,263.31 2 1
rich_chat/server_api/database/cached_user_repository.go:263.31,269.3 4 1
rich_chat/server_api/database/cached_user_repository.go:272.2,273.16 2 1
rich_chat/server_api/database/cached_user_repository.go:273.16,275.3 1 1
rich_chat/server_api/database/cached_user_repository.go:277.2,277.12 1 1
rich_chat/server_api/database/cached_user_repository.go:281.85,283.2 1 1
rich_chat/server_api/database/cached_user_repository.go:286.74,288.2 1 1
rich_chat/server_api/database/database_service.go:26.20,51.2 6 0
rich_chat/server_api/database/database_service.go:54.63,56.2 1 0
rich_chat/server_api/database/database_service.go:59.73,61.2 1 0
rich_chat/server_api/database/database_service.go:64.65,66.2 1 0
rich_chat/server_api/database/database_service.go:69.63,71.2 1 0
rich_chat/server_api/database/database_service.go:74.45,76.2 1 0
rich_chat/server_api/database/database_service.go:79.97,88.16 3 0
rich_chat/server_api/database/database_service.go:88.16,90.3 1 0
rich_chat/server_api/database/database_service.go:91.2,104.21 8 0
rich_chat/server_api/database/initialize.go:42.73,51.16 3 0
rich_chat/server_api/database/initialize.go:51.16,53.3 1 0
rich_chat/server_api/database/initialize.go:54.2,66.3 6 0
rich_chat/server_api/database/mocks.go:14.85,17.2 2 1
rich_chat/server_api/database/mocks.go:19.62,21.24 2 1
rich_chat/server_api/database/mocks.go:21.24,23.3 1 1
rich_chat/server_api/database/mocks.go:24.2,24.43 1 1
rich_chat/server_api/database/mocks.go:27.77,29.24 2 1
rich_chat/server_api/database/mocks.go:29.24,31.3 1 1
rich_chat/server_api/database/mocks.go:32.2,32.43 1 1
rich_chat/server_api/database/mocks.go:35.63,38.2 2 1
rich_chat/server_api/database/mocks.go:40.78,43.2 2 0
rich_chat/server_api/database/mocks.go:45.76,47.24 2 1
rich_chat/server_api/database/mocks.go:47.24,49.3 1 1
rich_chat/server_api/database/mocks.go:50.2,50.47 1 1
rich_chat/server_api/database/mocks.go:53.81,56.2 2 1
rich_chat/server_api/database/mocks.go:58.64,61.2 2 1
rich_chat/server_api/database/mocks.go:63.94,66.2 2 1
rich_chat/server_api/database/mocks.go:68.87,71.2 2 1
rich_chat/server_api/database/mocks.go:73.59,76.2 2 1
rich_chat/server_api/database/mocks.go:78.83,80.24 2 1
rich_chat/server_api/database/mocks.go:80.24,82.3 1 0
rich_chat/server_api/database/mocks.go:83.2,83.48 1 1
rich_chat/server_api/database/mocks.go:86.72,89.2 2 1
rich_chat/server_api/database/mocks.go:96.92,99.2 2 0
rich_chat/server_api/database/mocks.go:101.87,104.2 2 0
rich_chat/server_api/database/mocks.go:106.74,109.2 2 0
rich_chat/server_api/database/mocks.go:111.75,114.2 2 0
rich_chat/server_api/database/mocks.go:116.92,119.2 2 0
rich_chat/server_api/database/mocks.go:126.87,129.2 2 0
rich_chat/server_api/database/mocks.go:131.81,134.2 2 0
rich_chat/server_api/database/mocks.go:141.59,144.2 2 1
rich_chat/server_api/database/mocks.go:146.51,148.2 1 1
rich_chat/server_api/database/mocks.go:150.74,152.2 1 1
rich_chat/server_api/database/mocks.go:154.47,156.2 1 1
rich_chat/server_api/database/mocks.go:158.56,161.2 2 1
rich_chat/server_api/database/mocks.go:163.73,165.2 1 1
rich_chat/server_api/database/mocks.go:167.48,169.2 1 1
rich_chat/server_api/database/mocks.go:177.46,179.2 1 0
rich_chat/server_api/database/mocks.go:182.81,184.18 2 0
rich_chat/server_api/database/mocks.go:184.18,186.3 1 0
rich_chat/server_api/database/mocks.go:187.2,187.13 1 0
rich_chat/server_api/database/mocks.go:191.64,194.2 2 1
rich_chat/server_api/database/mocks.go:196.66,199.2 2 0
rich_chat/server_api/database/mocks.go:201.63,203.2 1 1
rich_chat/server_api/database/mocks.go:205.53,207.2 1 1
rich_chat/server_api/database/mocks.go:209.79,211.2 1 1
rich_chat/server_api/database/mocks.go:213.56,215.2 1 0
rich_chat/server_api/database/mocks.go:217.63,220.2 2 1
rich_chat/server_api/database/mocks.go:222.76,224.2 1 1
rich_chat/server_api/database/mocks.go:226.52,228.2 1 1
rich_chat/server_api/database/mocks.go:231.58,243.2 1 0
rich_chat/server_api/database/postgres_chat_repository.go:16.69,20.2 1 0
rich_chat/server_api/database/postgres_chat_repository.go:25.136,29.16 4 0
rich_chat/server_api/database/postgres_chat_repository.go:29.16,31.3 1 0
rich_chat/server_api/database/postgres_chat_repository.go:32.2,32.23 1 0
rich_chat/server_api/database/postgres_chat_repository.go:36.107,40.16 4 0
rich_chat/server_api/database/postgres_chat_repository.go:40.16,42.3 1 0
rich_chat/server_api/database/postgres_chat_repository.go:43.2,43.22 1 0
rich_chat/server_api/database/postgres_chat_repository.go:47.105,50.16 3 0
rich_chat/server_api/database/postgres_chat_repository.go:50.16,52.3 1 0
rich_chat/server_api/database/postgres_chat_repository.go:53.2,53.12 1 0
rich_chat/server_api/database/postgres_chat_repository.go:57.110,60.16 3 0
rich_chat/server_api/database/postgres_chat_repository.go:60.16,62.3 1 0
rich_chat/server_api/database/postgres_chat_repository.go:63.2,63.12 1 0
rich_chat/server_api/database/postgres_chat_repository.go:67.107,71.16 4 0
rich_chat/server_api/database/postgres_chat_repository.go:71.16,73.3 1 0
rich_chat/server_api/database/postgres_chat_repository.go:74.2,74.21 1 0
rich_chat/server_api/database/postgres_chat_repository.go:78.111,87.16 4 0
rich_chat/server_api/database/postgres_chat_repository.go:87.16,89.3 1 0
rich_chat/server_api/database/postgres_chat_repository.go:90.2,90.22 1 0
rich_chat/server_api/database/postgres_chat_repository.go:96.155,100.16 4 0
rich_chat/server_api/database/postgres_chat_repository.go:100.16,102.3 1 0
rich_chat/server_api/database/postgres_chat_repository.go:103.2,103.23 1 0
rich_chat/server_api/database/postgres_chat_repository.go:107.109,111.16 4 0
rich_chat/server_api/database/postgres_chat_repository.go:111.16,113.3 1 0
rich_chat/server_api/database/postgres_chat_repository.go:114.2,114.22 1 0
rich_chat/server_api/database/postgres_chat_repository.go:118.113,121.16 3 0
rich_chat/server_api/database/postgres_chat_repository.go:121.16,123.3 1 0
rich_chat/server_api/database/postgres_chat_repository.go:124.2,124.12 1 0
rich_chat/server_api/database/postgres_chat_repository.go:128.90,131.16 3 0
rich_chat/server_api/database/postgres_chat_repository.go:131.16,133.3 1 0
rich_chat/server_api/database/postgres_chat_repository.go:134.2,134.12 1 0
rich_chat/server_api/database/postgres_chat_repository.go:140.115,153.16 3 0
rich_chat/server_api/database/postgres_chat_repository.go:153.16,155.3 1 0
rich_chat/server_api/database/postgres_chat_repository.go:156.2,156.12 1 0
rich_chat/server_api/database/postgres_chat_repository.go:160.117,164.16 4 0
rich_chat/server_api/database/postgres_chat_repository.go:164.16,166.3 1 0
rich_chat/server_api/database/postgres_chat_repository.go:167.2,167.27 1 0
rich_chat/server_api/database/postgres_chat_repository.go:173.136,182.16 4 0
rich_chat/server_api/database/postgres_chat_repository.go:182.16,184.3 1 0
rich_chat/server_api/database/postgres_chat_repository.go:185.2,185.22 1 0
rich_chat/server_api/database/postgres_chat_repository.go:189.130,198.16 4 0
rich_chat/server_api/database/postgres_chat_repository.go:198.16,200.3 1 0
rich_chat/server_api/database/postgres_chat_repository.go:201.2,201.22 1 0
rich_chat/server_api/database/postgres_chat_repository.go:207.108,210.16 3 0
rich_chat/server_api/database/postgres_chat_repository.go:210.16,212.3 1 0
rich_chat/server_api/database/postgres_chat_repository.go:213.2,213.12 1 0
rich_chat/server_api/database/postgres_chat_repository.go:217.107,229.16 4 0
rich_chat/server_api/database/postgres_chat_repository.go:229.16,231.3 1 0
rich_chat/server_api/database/postgres_chat_repository.go:232.2,232.24 1 0
rich_chat/server_api/database/postgres_chat_repository.go:236.127,240.16 4 0
rich_chat/server_api/database/postgres_chat_repository.go:240.16,242.3 1 0
rich_chat/server_api/database/postgres_chat_repository.go:243.2,243.22 1 0
rich_chat/server_api/database/postgres_chat_repository.go:249.161,252.16 3 0
rich_chat/server_api/database/postgres_chat_repository.go:252.16,254.3 1 0
rich_chat/server_api/database/postgres_chat_repository.go:255.2,255.12 1 0
rich_chat/server_api/database/postgres_chat_repository.go:259.161,262.16 3 0
rich_chat/server_api/database/postgres_chat_repository.go:262.16,264.3 1 0
rich_chat/server_api/database/postgres_chat_repository.go:265.2,265.12 1 0
rich_chat/server_api/database/postgres_chat_repository.go:269.103,273.16 4 0
rich_chat/server_api/database/postgres_chat_repository.go:273.16,275.3 1 0
rich_chat/server_api/database/postgres_chat_repository.go:276.2,276.24 1 0
rich_chat/server_api/database/redis_adapter.go:16.68,20.2 1 1
rich_chat/server_api/database/redis_adapter.go:23.60,25.2 1 1
rich_chat/server_api/database/redis_adapter.go:28.52,30.2 1 1
rich_chat/server_api/database/redis_adapter.go:33.75,35.2 1 1
rich_chat/server_api/database/redis_adapter.go:38.48,40.2 1 1
rich_chat/server_api/database/redis_adapter.go:43.57,45.2 1 1
rich_chat/server_api/database/redis_adapter.go:48.74,50.2 1 1
rich_chat/server_api/database/redis_adapter.go:53.49,55.2 1 1
rich_chat/server_api/database/redis_adapter.go:65.120,71.2 1 1
rich_chat/server_api/database/redis_adapter.go:74.93,78.13 3 1
rich_chat/server_api/database/redis_adapter.go:78.13,84.17 3 1
rich_chat/server_api/database/redis_adapter.go:84.17,89.4 1 0
rich_chat/server_api/database/redis_adapter.go:90.8,96.46 3 1
rich_chat/server_api/database/redis_adapter.go:96.46,110.18 6 0
rich_chat/server_api/database/redis_adapter.go:110.18,115.5 1 0
rich_chat/server_api/database/redis_adapter.go:119.2,119.12 1 1
rich_chat/server_api/database/redis_adapter.go:123.88,126.48 2 1
rich_chat/server_api/database/redis_adapter.go:126.48,128.3 1 1
rich_chat/server_api/database/redis_adapter.go:131.2,132.16 2 1
rich_chat/server_api/database/redis_adapter.go:132.16,138.3 2 1
rich_chat/server_api/database/redis_adapter.go:141.2,141.22 1 1
rich_chat/server_api/database/redis_adapter.go:141.22,143.3 1 1
rich_chat/server_api/database/redis_adapter.go:146.2,146.34 1 1
rich_chat/server_api/database/redis_adapter.go:146.34,149.17 2 1
rich_chat/server_api/database/redis_adapter.go:149.17,154.4 1 0
rich_chat/server_api/database/redis_adapter.go:154.9,159.4 1 1
rich_chat/server_api/database/redis_adapter.go:162.3,165.20 3 1
rich_chat/server_api/database/redis_adapter.go:169.2,169.18 1 1
rich_chat/server_api/database/redis_adapter.go:173.75,180.16 3 1
rich_chat/server_api/database/redis_adapter.go:180.16,182.3 1 1
rich_chat/server_api/database/redis_adapter.go:184.2,184.19 1 1
rich_chat/server_api/database/redis_adapter.go:188.76,193.11 3 1
rich_chat/server_api/database/redis_adapter.go:193.11,195.31 1 1
rich_chat/server_api/database/redis_adapter.go:195.31,201.4 2 1
rich_chat/server_api/database/redis_adapter.go:203.3,203.20 1 0
rich_chat/server_api/database/redis_adapter.go:207.2,209.19 3 1
rich_chat/server_api/database/redis_adapter.go:209.19,216.3 2 1
rich_chat/server_api/database/redis_adapter.go:220.2,222.19 2 1
rich_chat/server_api/database/redis_adapter.go:226.93,249.2 8 1
rich_chat/server_api/database/token_repository.go:17.91,22.2 1 1
rich_chat/server_api/database/token_repository.go:25.88,36.2 5 1
rich_chat/server_api/database/token_repository.go:39.82,44.12 3 1
rich_chat/server_api/database/token_repository.go:44.12,50.3 2 1
rich_chat/server_api/database/token_repository.go:53.2,55.28 2 1
rich_chat/server_api/database/user_repository.go:17.69,21.2 1 0
rich_chat/server_api/database/user_repository.go:24.89,36.16 3 0
rich_chat/server_api/database/user_repository.go:36.16,42.3 2 0
rich_chat/server_api/database/user_repository.go:44.2,49.20 2 0
rich_chat/server_api/database/user_repository.go:53.66,56.16 3 0
rich_chat/server_api/database/user_repository.go:56.16,58.3 1 0
rich_chat/server_api/database/user_repository.go:59.2,59.19 1 0
rich_chat/server_api/database/user_repository.go:63.81,66.16 3 0
rich_chat/server_api/database/user_repository.go:66.16,68.3 1 0
rich_chat/server_api/database/user_repository.go:69.2,69.19 1 0
rich_chat/server_api/database/user_repository.go:73.67,76.16 3 0
rich_chat/server_api/database/user_repository.go:76.16,78.3 1 0
rich_chat/server_api/database/user_repository.go:79.2,79.20 1 0
rich_chat/server_api/database/user_repository.go:83.82,86.16 3 0
rich_chat/server_api/database/user_repository.go:86.16,88.3 1 0
rich_chat/server_api/database/user_repository.go:89.2,89.20 1 0
rich_chat/server_api/database/user_repository.go:93.80,99.16 3 0
rich_chat/server_api/database/user_repository.go:99.16,101.3 1 0
rich_chat/server_api/database/user_repository.go:103.2,103.23 1 0
rich_chat/server_api/database/user_repository.go:107.85,114.26 2 0
rich_chat/server_api/database/user_repository.go:114.26,116.3 1 0
rich_chat/server_api/database/user_repository.go:118.2,122.16 2 0
rich_chat/server_api/database/user_repository.go:122.16,124.3 1 0
rich_chat/server_api/database/user_repository.go:126.2,126.12 1 0
rich_chat/server_api/database/user_repository.go:130.68,132.16 2 0
rich_chat/server_api/database/user_repository.go:132.16,134.3 1 0
rich_chat/server_api/database/user_repository.go:135.2,135.12 1 0
rich_chat/server_api/database/user_repository.go:139.98,140.22 1 0
rich_chat/server_api/database/user_repository.go:140.22,146.17 2 0
rich_chat/server_api/database/user_repository.go:146.17,148.4 1 0
rich_chat/server_api/database/user_repository.go:149.8,155.17 2 0
rich_chat/server_api/database/user_repository.go:155.17,157.4 1 0
rich_chat/server_api/database/user_repository.go:159.2,159.12 1 0
rich_chat/server_api/database/user_repository.go:163.91,168.16 2 0
rich_chat/server_api/database/user_repository.go:168.16,170.3 1 0
rich_chat/server_api/database/user_repository.go:171.2,171.12 1 0
rich_chat/server_api/database/user_repository.go:175.63,177.16 2 0
rich_chat/server_api/database/user_repository.go:177.16,179.3 1 0
rich_chat/server_api/database/user_repository.go:181.2,185.12 2 0
rich_chat/server_api/database/user_repository.go:189.87,196.16 3 0
rich_chat/server_api/database/user_repository.go:196.16,198.3 1 0
rich_chat/server_api/database/user_repository.go:200.2,200.23 1 0
rich_chat/server_api/database/user_repository.go:204.76,209.16 2 0
rich_chat/server_api/database/user_repository.go:209.16,211.3 1 0
rich_chat/server_api/database/user_repository.go:212.2,212.12 1 0
rich_chat/client/api_client.go:56.109,62.2 1 1
rich_chat/client/api_client.go:65.58,69.16 2 1
rich_chat/client/api_client.go:69.16,71.3 1 1
rich_chat/client/api_client.go:73.2,73.30 1 0
rich_chat/client/api_client.go:73.30,75.3 1 0
rich_chat/client/api_client.go:77.2,78.64 2 0
rich_chat/client/api_client.go:78.64,80.3 1 0
rich_chat/client/api_client.go:82.2,83.13 2 0
rich_chat/client/api_client.go:83.13,85.3 1 0
rich_chat/client/api_client.go:87.2,88.9 2 0
rich_chat/client/api_client.go:88.9,90.3 1 0
rich_chat/client/api_client.go:92.2,92.28 1 0
rich_chat/client/api_client.go:96.94,106.16 2 1
rich_chat/client/api_client.go:106.16,108.3 1 1
rich_chat/client/api_client.go:110.2,110.30 1 0
rich_chat/client/api_client.go:110.30,112.3 1 0
rich_chat/client/api_client.go:114.2,114.30 1 0
rich_chat/client/api_client.go:114.30,116.65 2 0
rich_chat/client/api_client.go:116.65,118.17 2 0
rich_chat/client/api_client.go:118.17,120.5 1 0
rich_chat/client/api_client.go:121.4,121.17 1 0
rich_chat/client/api_client.go:121.17,124.52 1 0
rich_chat/client/api_client.go:124.52,126.6 1 0
rich_chat/client/api_client.go:127.5,127.68 1 0
rich_chat/client/api_client.go:130.3,130.92 1 0
rich_chat/client/api_client.go:133.2,134.63 2 0
rich_chat/client/api_client.go:134.63,136.3 1 0
rich_chat/client/api_client.go:138.2,138.23 1 0
rich_chat/client/api_client.go:142.97,152.16 2 1
rich_chat/client/api_client.go:152.16,154.3 1 1
rich_chat/client/api_client.go:156.2,156.30 1 0
rich_chat/client/api_client.go:156.30,158.3 1 0
rich_chat/client/api_client.go:160.2,160.30 1 0
rich_chat/client/api_client.go:160.30,162.3 1 0
rich_chat/client/api_client.go:164.2,164.30 1 0
rich_chat/client/api_client.go:164.30,166.65 2 0
rich_chat/client/api_client.go:166.65,168.17 2 0
rich_chat/client/api_client.go:168.17,170.5 1 0
rich_chat/client/api_client.go:171.4,171.17 1 0
rich_chat/client/api_client.go:171.17,174.52 1 0
rich_chat/client/api_client.go:174.52,176.6 1 0
rich_chat/client/api_client.go:177.5,177.71 1 0
rich_chat/client/api_client.go:180.3,180.95 1 0
rich_chat/client/api_client.go:183.2,184.63 2 0
rich_chat/client/api_client.go:184.63,186.3 1 0
rich_chat/client/api_client.go:188.2,188.23 1 0
rich_chat/client/api_client.go:192.80,201.16 2 1
rich_chat/client/api_client.go:201.16,203.3 1 1
rich_chat/client/api_client.go:205.2,205.30 1 0
rich_chat/client/api_client.go:205.30,207.3 1 0
rich_chat/client/api_client.go:209.2,209.30 1 0
rich_chat/client/api_client.go:209.30,211.65 2 0
rich_chat/client/api_client.go:211.65,213.17 2 0
rich_chat/client/api_client.go:213.17,215.5 1 0
rich_chat/client/api_client.go:216.4,216.17 1 0
rich_chat/client/api_client.go:216.17,219.52 1 0
rich_chat/client/api_client.go:219.52,221.6 1 0
rich_chat/client/api_client.go:222.5,222.72 1 0
rich_chat/client/api_client.go:225.3,225.96 1 0
rich_chat/client/api_client.go:228.2,228.12 1 0
rich_chat/client/api_client.go:232.95,240.16 2 1
rich_chat/client/api_client.go:240.16,242.3 1 1
rich_chat/client/api_client.go:244.2,244.30 1 0
rich_chat/client/api_client.go:244.30,246.3 1 0
rich_chat/client/api_client.go:248.2,248.30 1 0
rich_chat/client/api_client.go:248.30,250.65 2 0
rich_chat/client/api_client.go:250.65,252.17 2 0
rich_chat/client/api_client.go:252.17,254.5 1 0
rich_chat/client/api_client.go:255.4,255.17 1 0
rich_chat/client/api_client.go:255.17,258.52 1 0
rich_chat/client/api_client.go:258.52,260.6 1 0
rich_chat/client/api_client.go:261.5,261.72 1 0
rich_chat/client/api_client.go:264.3,264.96 1 0
rich_chat/client/api_client.go:267.2,268.67 2 0
rich_chat/client/api_client.go:268.67,270.3 1 0
rich_chat/client/api_client.go:272.2,272.27 1 0
rich_chat/client/api_client.go:276.89,286.16 2 1
rich_chat/client/api_client.go:286.16,288.3 1 1
rich_chat/client/api_client.go:290.2,290.30 1 0
rich_chat/client/api_client.go:290.30,292.3 1 0
rich_chat/client/api_client.go:294.2,294.30 1 0
rich_chat/client/api_client.go:294.30,296.65 2 0
rich_chat/client/api_client.go:296.65,298.17 2 0
rich_chat/client/api_client.go:298.17,300.5 1 0
rich_chat/client/api_client.go:301.4,301.17 1 0
rich_chat/client/api_client.go:301.17,304.52 1 0
rich_chat/client/api_client.go:304.52,306.6 1 0
rich_chat/client/api_client.go:307.5,307.74 1 0
rich_chat/client/api_client.go:310.3,310.98 1 0
rich_chat/client/api_client.go:313.2,313.12 1 0
rich_chat/client/api_client.go:317.100,327.16 2 1
rich_chat/client/api_client.go:327.16,329.3 1 1
rich_chat/client/api_client.go:331.2,331.30 1 0
rich_chat/client/api_client.go:331.30,333.3 1 0
rich_chat/client/api_client.go:335.2,335.30 1 0
rich_chat/client/api_client.go:335.30,337.65 2 0
rich_chat/client/api_client.go:337.65,339.17 2 0
rich_chat/client/api_client.go:339.17,341.5 1 0
rich_chat/client/api_client.go:342.4,342.17 1 0
rich_chat/client/api_client.go:342.17,345.52 1 0
rich_chat/client/api_client.go:345.52,347.6 1 0
rich_chat/client/api_client.go:348.5,348.73 1 0
rich_chat/client/api_client.go:351.3,351.97 1 0
rich_chat/client/api_client.go:354.2,354.12 1 0
rich_chat/client/api_client.go:358.59,362.16 2 1
rich_chat/client/api_client.go:362.16,364.3 1 1
rich_chat/client/api_client.go:366.2,366.30 1 0
rich_chat/client/api_client.go:366.30,368.3 1 0
rich_chat/client/api_client.go:370.2,370.46 1 0
rich_chat/client/api_client.go:370.46,372.3 1 0
rich_chat/client/api_client.go:374.2,374.18 1 0
rich_chat/client/api_client.go:381.34,383.2 1 1
rich_chat/client/api_client.go:386.38,388.2 1 1
rich_chat/client/auth_service.go:16.146,23.2 1 1
rich_chat/client/auth_service.go:26.62,29.16 2 1
rich_chat/client/auth_service.go:29.16,32.3 2 1
rich_chat/client/auth_service.go:35.2,36.16 2 1
rich_chat/client/auth_service.go:36.16,38.3 1 1
rich_chat/client/auth_service.go:41.2,45.64 4 1
rich_chat/client/auth_service.go:45.64,48.3 2 0
rich_chat/client/auth_service.go:50.2,50.12 1 1
rich_chat/client/auth_service.go:54.65,57.16 2 1
rich_chat/client/auth_service.go:57.16,60.3 2 1
rich_chat/client/auth_service.go:63.2,64.16 2 1
rich_chat/client/auth_service.go:64.16,66.3 1 1
rich_chat/client/auth_service.go:69.2,73.64 4 1
rich_chat/client/auth_service.go:73.64,76.3 2 0
rich_chat/client/auth_service.go:78.2,78.12 1 1
rich_chat/client/auth_service.go:82.38,84.64 2 1
rich_chat/client/auth_service.go:84.64,87.3 2 0
rich_chat/client/auth_service.go:88.2,88.12 1 1
rich_chat/client/auth_service.go:92.46,96.2 3 1
rich_chat/client/auth_service.go:99.81,103.27 3 1
rich_chat/client/auth_service.go:103.27,106.3 2 1
rich_chat/client/auth_service.go:108.2,108.27 1 1
rich_chat/client/auth_service.go:112.60,114.17 2 1
rich_chat/client/auth_service.go:114.17,116.3 1 0
rich_chat/client/auth_service.go:117.2,117.13 1 1
rich_chat/client/config_manager.go:29.111,36.2 1 1
rich_chat/client/config_manager.go:39.74,41.44 1 1
rich_chat/client/config_manager.go:41.44,43.3 1 0
rich_chat/client/config_manager.go:45.2,48.53 2 1
rich_chat/client/config_manager.go:48.53,49.55 1 1
rich_chat/client/config_manager.go:49.55,51.4 1 0
rich_chat/client/config_manager.go:55.2,56.16 2 1
rich_chat/client/config_manager.go:56.16,59.3 2 0
rich_chat/client/config_manager.go:61.2,61.62 1 1
rich_chat/client/config_manager.go:61.62,64.3 2 1
rich_chat/client/config_manager.go:66.2,66.24 1 1
rich_chat/client/config_manager.go:70.75,72.16 2 1
rich_chat/client/config_manager.go:72.16,75.3 2 0
rich_chat/client/config_manager.go:77.2,78.64 2 1
rich_chat/client/config_manager.go:78.64,81.3 2 0
rich_chat/client/config_manager.go:83.2,84.12 2 1
rich_chat/client/config_manager.go:88.55,90.13 2 1
rich_chat/client/config_manager.go:90.13,92.3 1 1
rich_chat/client/config_manager.go:93.2,94.21 2 1
rich_chat/client/config_manager.go:98.56,100.13 2 1
rich_chat/client/config_manager.go:100.13,102.3 1 1
rich_chat/client/config_manager.go:103.2,104.22 2 1
rich_chat/client/config_manager.go:108.52,110.2 1 1
rich_chat/client/config_manager.go:113.54,115.2 1 1
rich_chat/client/config_manager.go:118.48,122.2 3 1
rich_chat/client/config_manager.go:125.53,127.16 2 1
rich_chat/client/config_manager.go:127.16,128.25 1 1
rich_chat/client/config_manager.go:128.25,129.54 1 1
rich_chat/client/config_manager.go:129.54,132.5 2 0
rich_chat/client/config_manager.go:133.4,133.14 1 1
rich_chat/client/config_manager.go:135.3,136.40 2 0
rich_chat/client/config_manager.go:139.2,139.22 1 1
rich_chat/client/config_manager.go:139.22,142.3 2 1
rich_chat/client/config_manager.go:144.2,144.12 1 1
rich_chat/client/config_manager.go:148.66,150.16 2 1
rich_chat/client/config_manager.go:150.16,153.3 2 0
rich_chat/client/config_manager.go:154.2,156.50 2 1
rich_chat/client/config_manager.go:156.50,159.3 2 0
rich_chat/client/config_manager.go:161.2,161.12 1 1
rich_chat/client/http_client.go:13.50,19.2 3 1
rich_chat/client/http_client.go:22.41,24.2 1 1
rich_chat/client/http_client.go:27.51,29.2 1 1
rich_chat/client/http_client.go:32.60,34.2 1 1
rich_chat/client/language_pack_wrapper.go:11.77,17.2 3 1
rich_chat/client/language_pack_wrapper.go:20.54,21.17 1 1
rich_chat/client/language_pack_wrapper.go:21.17,23.3 1 1
rich_chat/client/language_pack_wrapper.go:24.2,24.20 1 1
rich_chat/client/main.go:18.36,50.2 10 0
rich_chat/client/main.go:53.31,62.2 4 0
rich_chat/client/main.go:64.13,67.2 2 0
rich_chat/client/mocks.go:19.58,20.33 1 1
rich_chat/client/mocks.go:20.33,22.3 1 1
rich_chat/client/mocks.go:23.2,23.33 1 1
rich_chat/client/mocks.go:26.94,27.24 1 1
rich_chat/client/mocks.go:27.24,29.3 1 1
rich_chat/client/mocks.go:30.2,30.63 1 0
rich_chat/client/mocks.go:33.97,34.27 1 1
rich_chat/client/mocks.go:34.27,36.3 1 1
rich_chat/client/mocks.go:37.2,37.63 1 0
rich_chat/client/mocks.go:40.80,41.29 1 1
rich_chat/client/mocks.go:41.29,43.3 1 1
rich_chat/client/mocks.go:44.2,44.12 1 0
rich_chat/client/mocks.go:47.95,48.33 1 1
rich_chat/client/mocks.go:48.33,50.3 1 1
rich_chat/client/mocks.go:51.2,57.8 1 0
rich_chat/client/mocks.go:60.89,61.36 1 1
rich_chat/client/mocks.go:61.36,63.3 1 1
rich_chat/client/mocks.go:64.2,64.12 1 0
rich_chat/client/mocks.go:67.100,68.33 1 1
rich_chat/client/mocks.go:68.33,70.3 1 1
rich_chat/client/mocks.go:71.2,71.12 1 0
rich_chat/client/mocks.go:74.59,75.36 1 0
rich_chat/client/mocks.go:75.36,77.3 1 0
rich_chat/client/mocks.go:78.2,78.18 1 0
rich_chat/client/mocks.go:94.48,98.2 1 1
rich_chat/client/mocks.go:100.74,101.29 1 1
rich_chat/client/mocks.go:101.29,103.3 1 0
rich_chat/client/mocks.go:104.2,104.20 1 1
rich_chat/client/mocks.go:107.75,108.29 1 1
rich_chat/client/mocks.go:108.29,110.3 1 0
rich_chat/client/mocks.go:111.2,112.12 2 1
rich_chat/client/mocks.go:115.55,116.27 1 1
rich_chat/client/mocks.go:116.27,118.3 1 0
rich_chat/client/mocks.go:119.2,120.13 2 1
rich_chat/client/mocks.go:120.13,122.3 1 1
rich_chat/client/mocks.go:123.2,124.21 2 1
rich_chat/client/mocks.go:127.56,128.28 1 1
rich_chat/client/mocks.go:128.28,130.3 1 0
rich_chat/client/mocks.go:131.2,132.13 2 1
rich_chat/client/mocks.go:132.13,134.3 1 1
rich_chat/client/mocks.go:135.2,136.22 2 1
rich_chat/client/mocks.go:139.52,140.27 1 1
rich_chat/client/mocks.go:140.27,143.3 2 0
rich_chat/client/mocks.go:144.2,144.25 1 1
rich_chat/client/mocks.go:147.54,148.28 1 1
rich_chat/client/mocks.go:148.28,151.3 2 0
rich_chat/client/mocks.go:152.2,152.28 1 1
rich_chat/client/mocks.go:155.48,156.35 1 1
rich_chat/client/mocks.go:156.35,159.3 2 0
rich_chat/client/mocks.go:160.2,161.27 2 1
rich_chat/client/mocks.go:169.74,170.32 1 0
rich_chat/client/mocks.go:170.32,172.3 1 0
rich_chat/client/mocks.go:173.2,173.17 1 0
rich_chat/client/mocks.go:177.72,182.2 1 1
rich_chat/client/mocks.go:184.69,186.2 1 1
rich_chat/client/mocks.go:188.56,196.2 1 1
rich_chat/client/repeatitive_function_provide.go:12.44,15.20 3 1
rich_chat/client/repeatitive_function_provide.go:16.14,18.20 2 1
rich_chat/client/repeatitive_function_provide.go:19.17,21.20 2 1
rich_chat/client/repeatitive_function_provide.go:22.15,24.20 2 1
rich_chat/client/repeatitive_function_provide.go:25.17,27.20 2 1
rich_chat/client/repeatitive_function_provide.go:28.18,30.22 2 0
rich_chat/client/repeatitive_function_provide.go:31.15,33.24 2 1
rich_chat/client/repeatitive_function_provide.go:35.2,37.30 3 1
rich_chat/client/repeatitive_function_provide.go:37.30,38.14 1 0
rich_chat/client/repeatitive_function_provide.go:43.41,47.16 4 0
rich_chat/client/repeatitive_function_provide.go:47.16,49.3 1 0
rich_chat/client/repeatitive_function_provide.go:50.2,50.19 1 0
rich_chat/client/token_extractor.go:21.48,23.2 1 1
rich_chat/client/token_extractor.go:26.97,30.2 1 0
rich_chat/client/token_extractor.go:33.73,35.21 2 1
rich_chat/client/token_extractor.go:35.21,38.3 2 1
rich_chat/client/token_extractor.go:41.2,42.16 2 1
rich_chat/client/token_extractor.go:42.16,45.3 2 0
rich_chat/client/token_extractor.go:47.2,48.57 2 1
rich_chat/client/token_extractor.go:48.57,51.3 2 0
rich_chat/client/token_extractor.go:53.2,54.9 2 1
rich_chat/client/token_extractor.go:54.9,57.3 2 1
rich_chat/client/token_extractor.go:60.2,60.28 1 1
rich_chat/client/token_extractor.go:61.15,62.37 1 1
rich_chat/client/token_extractor.go:63.14,64.16 1 1
rich_chat/client/token_extractor.go:65.10,66.35 1 0
rich_chat/client/token_extractor.go:71.66,72.15 1 1
rich_chat/client/token_extractor.go:72.15,74.3 1 1
rich_chat/client/token_extractor.go:75.2,75.20 1 0
rich_chat/client/ui_handler.go:22.153,30.2 1 0
rich_chat/client/ui_handler.go:33.29,35.22 1 0
rich_chat/client/ui_handler.go:35.22,37.3 1 0
rich_chat/client/ui_handler.go:39.2,39.6 1 0
rich_chat/client/ui_handler.go:39.6,41.53 1 0
rich_chat/client/ui_handler.go:41.53,44.4 2 0
rich_chat/client/ui_handler.go:47.3,47.39 1 0
rich_chat/client/ui_handler.go:47.39,49.4 1 0
rich_chat/client/ui_handler.go:49.9,51.4 1 0
rich_chat/client/ui_handler.go:56.40,59.16 3 0
rich_chat/client/ui_handler.go:59.16,62.3 2 0
rich_chat/client/ui_handler.go:63.2,63.16 1 0
rich_chat/client/ui_handler.go:63.16,66.3 2 0
rich_chat/client/ui_handler.go:67.2,68.13 2 0
rich_chat/client/ui_handler.go:72.45,75.16 3 0
rich_chat/client/ui_handler.go:75.16,78.3 2 0
rich_chat/client/ui_handler.go:79.2,85.16 2 0
rich_chat/client/ui_handler.go:86.11,87.18 1 0
rich_chat/client/ui_handler.go:88.11,89.21 1 0
rich_chat/client/ui_handler.go:90.11,92.13 2 0
rich_chat/client/ui_handler.go:93.11,94.27 1 0
rich_chat/client/ui_handler.go:95.10,96.33 1 0
rich_chat/client/ui_handler.go:101.43,103.16 2 0
rich_chat/client/ui_handler.go:103.16,107.3 3 0
rich_chat/client/ui_handler.go:110.2,114.18 4 0
rich_chat/client/ui_handler.go:118.36,119.6 1 0
rich_chat/client/ui_handler.go:119.6,121.17 2 0
rich_chat/client/ui_handler.go:121.17,124.4 2 0
rich_chat/client/ui_handler.go:125.3,133.17 2 0
rich_chat/client/ui_handler.go:134.12,136.14 2 0
rich_chat/client/ui_handler.go:137.12,138.29 1 0
rich_chat/client/ui_handler.go:139.12,140.28 1 0
rich_chat/client/ui_handler.go:141.12,143.10 2 0
rich_chat/client/ui_handler.go:144.12,146.10 2 0
rich_chat/client/ui_handler.go:147.12,148.28 1 0
rich_chat/client/ui_handler.go:149.11,150.34 1 0
rich_chat/client/ui_handler.go:156.35,158.16 2 0
rich_chat/client/ui_handler.go:158.16,161.3 2 0
rich_chat/client/ui_handler.go:163.2,164.20 2 0
rich_chat/client/ui_handler.go:164.20,167.3 2 0
rich_chat/client/ui_handler.go:169.2,170.16 2 0
rich_chat/client/ui_handler.go:170.16,173.3 2 0
rich_chat/client/ui_handler.go:175.2,175.20 1 0
rich_chat/client/ui_handler.go:175.20,178.3 2 0
rich_chat/client/ui_handler.go:180.2,181.64 2 0
rich_chat/client/ui_handler.go:181.64,184.3 2 0
rich_chat/client/ui_handler.go:186.2,186.36 1 0
rich_chat/client/ui_handler.go:190.38,192.16 2 0
rich_chat/client/ui_handler.go:192.16,195.3 2 0
rich_chat/client/ui_handler.go:197.2,198.20 2 0
rich_chat/client/ui_handler.go:198.20,201.3 2 0
rich_chat/client/ui_handler.go:203.2,203.50 1 0
rich_chat/client/ui_handler.go:203.50,206.3 2 0
rich_chat/client/ui_handler.go:208.2,209.16 2 0
rich_chat/client/ui_handler.go:209.16,211.3 1 0
rich_chat/client/ui_handler.go:213.2,214.67 2 0
rich_chat/client/ui_handler.go:214.67,217.3 2 0
rich_chat/client/ui_handler.go:219.2,219.39 1 0
rich_chat/client/ui_handler.go:223.36,224.47 1 0
rich_chat/client/ui_handler.go:224.47,227.3 2 0
rich_chat/client/ui_handler.go:230.2,234.37 4 0
rich_chat/client/ui_handler.go:238.43,240.16 2 0
rich_chat/client/ui_handler.go:240.16,243.3 2 0
rich_chat/client/ui_handler.go:244.2,245.40 2 0
rich_chat/client/ui_handler.go:245.40,248.3 2 0
rich_chat/client/ui_handler.go:250.2,251.16 2 0
rich_chat/client/ui_handler.go:251.16,254.3 2 0
rich_chat/client/ui_handler.go:256.2,256.20 1 0
rich_chat/client/ui_handler.go:256.20,259.3 2 0
rich_chat/client/ui_handler.go:261.2,262.62 2 0
rich_chat/client/ui_handler.go:262.62,265.3 2 0
rich_chat/client/ui_handler.go:268.2,272.45 4 0
rich_chat/client/ui_handler.go:276.45,279.2 2 0
rich_chat/client/ui_handler.go:282.36,285.16 3 0
rich_chat/client/ui_handler.go:285.16,288.3 2 0
rich_chat/client/ui_handler.go:290.2,295.15 6 0
rich_chat/client/ui_handler.go:299.38,300.6 1 0
rich_chat/client/ui_handler.go:300.6,302.17 2 0
rich_chat/client/ui_handler.go:302.17,305.4 2 0
rich_chat/client/ui_handler.go:306.3,308.17 2 0
rich_chat/client/ui_handler.go:309.12,311.18 2 0
rich_chat/client/ui_handler.go:311.18,314.5 2 0
rich_chat/client/ui_handler.go:315.4,316.79 2 0
rich_chat/client/ui_handler.go:316.79,319.5 2 0
rich_chat/client/ui_handler.go:320.4,321.10 2 0
rich_chat/client/ui_handler.go:322.12,324.18 2 0
rich_chat/client/ui_handler.go:324.18,327.5 2 0
rich_chat/client/ui_handler.go:328.4,329.73 2 0
rich_chat/client/ui_handler.go:329.73,332.5 2 0
rich_chat/client/ui_handler.go:333.4,334.10 2 0
rich_chat/client/ui_handler.go:335.12,337.18 2 0
rich_chat/client/ui_handler.go:337.18,340.5 2 0
rich_chat/client/ui_handler.go:341.4,342.69 2 0
rich_chat/client/ui_handler.go:342.69,345.5 2 0
rich_chat/client/ui_handler.go:346.4,347.10 2 0
rich_chat/client/ui_handler.go:348.12,349.10 1 0
rich_chat/client/ui_handler.go:350.11,351.34 1 0
rich_chat/client/ui_handler.go:357.44,361.16 3 0
rich_chat/client/ui_handler.go:361.16,364.3 2 0
rich_chat/client/ui_handler.go:365.2,368.23 3 0
rich_chat/client/ui_handler.go:368.23,371.3 2 0
rich_chat/client/ui_handler.go:374.2,375.6 2 0
rich_chat/client/ui_handler.go:375.6,378.17 3 0
rich_chat/client/ui_handler.go:378.17,381.4 2 0
rich_chat/client/ui_handler.go:382.3,385.24 3 0
rich_chat/client/ui_handler.go:385.24,387.12 2 0
rich_chat/client/ui_handler.go:390.3,390.27 1 0
rich_chat/client/ui_handler.go:390.27,395.37 3 0
rich_chat/client/ui_handler.go:395.37,396.31 1 0
rich_chat/client/ui_handler.go:396.31,398.6 1 0
rich_chat/client/ui_handler.go:399.5,399.32 1 0
rich_chat/client/ui_handler.go:399.32,401.6 1 0
rich_chat/client/ui_handler.go:404.4,404.37 1 0
rich_chat/client/ui_handler.go:404.37,406.5 1 0
rich_chat/client/ui_handler.go:410.3,412.17 3 0
rich_chat/client/ui_handler.go:412.17,415.4 2 0
rich_chat/client/ui_handler.go:416.3,419.28 3 0
rich_chat/client/ui_handler.go:419.28,421.12 2 0
rich_chat/client/ui_handler.go:424.3,424.37 1 0
rich_chat/client/ui_handler.go:424.37,426.12 2 0
rich_chat/client/ui_handler.go:429.3,429.8 1 0
rich_chat/client/ui_handler.go:433.2,434.79 2 0
rich_chat/client/ui_handler.go:434.79,437.3 2 0
rich_chat/client/ui_handler.go:439.2,439.49 1 0
rich_chat/client/ui_handler.go:443.44,445.16 2 0
rich_chat/client/ui_handler.go:445.16,448.3 2 0
rich_chat/client/ui_handler.go:449.2,451.16 2 0
rich_chat/client/ui_handler.go:452.11,455.50 3 0
rich_chat/client/ui_handler.go:456.11,459.50 3 0
rich_chat/client/ui_handler.go:460.10,461.33 1 0
rich_chat/client/ui_handler.go:466.53,468.2 1 0
rich_chat/client/ui_handler.go:471.52,474.16 3 0
rich_chat/client/ui_handler.go:474.16,476.3 1 0
rich_chat/client/ui_handler.go:477.2,478.34 2 0
rich_chat/client/ui_handler.go:482.67,484.6 2 0
rich_chat/client/ui_handler.go:484.6,487.17 3 0
rich_chat/client/ui_handler.go:487.17,490.4 2 0
rich_chat/client/ui_handler.go:492.3,492.21 1 0
rich_chat/client/ui_handler.go:492.21,494.12 2 0
rich_chat/client/ui_handler.go:497.3,497.24 1 0
rich_chat/client/ui_handler.go:497.24,502.34 3 0
rich_chat/client/ui_handler.go:502.34,503.31 1 0
rich_chat/client/ui_handler.go:503.31,505.6 1 0
rich_chat/client/ui_handler.go:506.5,506.32 1 0
rich_chat/client/ui_handler.go:506.32,508.6 1 0
rich_chat/client/ui_handler.go:511.4,511.37 1 0
rich_chat/client/ui_handler.go:511.37,513.5 1 0
rich_chat/client/ui_handler.go:516.3,518.17 3 0
rich_chat/client/ui_handler.go:518.17,521.4 2 0
rich_chat/client/ui_handler.go:522.3,525.22 3 0
rich_chat/client/ui_handler.go:525.22,527.12 2 0
rich_chat/client/ui_handler.go:530.3,530.28 1 0
rich_chat/client/ui_handler.go:530.28,531.9 1 0
rich_chat/client/ui_handler.go:533.3,533.41 1 0
rich_chat/client/ui_handler.go:535.2,535.22 1 0
rich_chat/client/ui_handler.go:539.43,541.2 1 0
rich_chat/client/ui_handler.go:544.46,546.2 1 0
rich_chat/client/ui_handler.go:549.42,551.26 2 0
rich_chat/client/ui_handler.go:552.14,553.30 1 0
rich_chat/client/ui_handler.go:554.13,555.29 1 0
rich_chat/client/ui_handler.go:557.2,557.21 1 0
rich_chat/client/ui_handler.go:561.46,563.2 1 0
rich_chat/client/user_service.go:16.146,23.2 1 1
rich_chat/client/user_service.go:26.60,28.13 2 1
rich_chat/client/user_service.go:28.13,31.3 2 1
rich_chat/client/user_service.go:33.2,34.16 2 1
rich_chat/client/user_service.go:34.16,37.3 2 0
rich_chat/client/user_service.go:39.2,39.78 1 1
rich_chat/client/user_service.go:39.78,41.3 1 1
rich_chat/client/user_service.go:44.2,45.64 2 1
rich_chat/client/user_service.go:45.64,48.3 2 0
rich_chat/client/user_service.go:50.2,50.12 1 1
rich_chat/client/user_service.go:54.55,56.13 2 1
rich_chat/client/user_service.go:56.13,59.3 2 1
rich_chat/client/user_service.go:61.2,62.16 2 1
rich_chat/client/user_service.go:62.16,65.3 2 0
rich_chat/client/user_service.go:67.2,68.16 2 1
rich_chat/client/user_service.go:68.16,70.3 1 1
rich_chat/client/user_service.go:72.2,72.22 1 1
rich_chat/client/user_service.go:72.22,75.3 2 1
rich_chat/client/user_service.go:77.2,77.23 1 1
rich_chat/client/user_service.go:81.62,83.13 2 1
rich_chat/client/user_service.go:83.13,86.3 2 1
rich_chat/client/user_service.go:88.2,89.16 2 1
rich_chat/client/user_service.go:89.16,92.3 2 0
rich_chat/client/user_service.go:94.2,94.87 1 1
rich_chat/client/user_service.go:94.87,96.3 1 1
rich_chat/client/user_service.go:98.2,98.12 1 1
rich_chat/client/user_service.go:102.77,104.13 2 1
rich_chat/client/user_service.go:104.13,107.3 2 1
rich_chat/client/user_service.go:109.2,110.16 2 1
rich_chat/client/user_service.go:110.16,113.3 2 0
rich_chat/client/user_service.go:115.2,115.98 1 1
rich_chat/client/user_service.go:115.98,117.3 1 1
rich_chat/client/user_service.go:119.2,119.12 1 1
rich_chat/client/user_service.go:123.60,125.17 2 1
rich_chat/client/user_service.go:125.17,127.3 1 0
rich_chat/client/user_service.go:128.2,128.13 1 1
rich_chat/server_api/utils/validation.go:10.69,12.39 1 1
rich_chat/server_api/utils/validation.go:12.39,14.3 1 1
rich_chat/server_api/utils/validation.go:17.2,17.23 1 1
rich_chat/server_api/utils/validation.go:17.23,21.33 3 1
rich_chat/server_api/utils/validation.go:21.33,22.30 1 1
rich_chat/server_api/utils/validation.go:22.30,24.5 1 1
rich_chat/server_api/utils/validation.go:25.4,25.31 1 1
rich_chat/server_api/utils/validation.go:25.31,27.5 1 1
rich_chat/server_api/utils/validation.go:30.3,30.36 1 1
rich_chat/server_api/utils/validation.go:30.37,33.4 0 1
rich_chat/server_api/utils/validation.go:36.2,36.12 1 1
rich_chat/server_api/utils/validation.go:40.54,41.29 1 1
rich_chat/server_api/utils/validation.go:41.29,43.3 1 1
rich_chat/server_api/utils/validation.go:45.2,45.12 1 1
rich_chat/server_api/utils/validation.go:49.60,50.33 1 1
rich_chat/server_api/utils/validation.go:50.33,52.3 1 1
rich_chat/server_api/utils/validation.go:55.2,56.36 2 1
rich_chat/server_api/utils/validation.go:56.36,58.3 1 1
rich_chat/server_api/utils/validation.go:60.2,60.12 1 1
rich_chat/server_api/config.go:85.19,87.16 2 1
rich_chat/server_api/config.go:87.16,89.3 1 1
rich_chat/server_api/config.go:91.2,107.37 13 1
rich_chat/server_api/config.go:111.46,112.42 1 1
rich_chat/server_api/config.go:112.42,114.3 1 1
rich_chat/server_api/config.go:115.2,115.21 1 1
rich_chat/server_api/config.go:119.50,120.42 1 1
rich_chat/server_api/config.go:120.42,121.55 1 1
rich_chat/server_api/config.go:121.55,123.4 1 1
rich_chat/server_api/config.go:125.2,125.21 1 1
rich_chat/server_api/handler_helper.go:13.52,17.13 2 0
rich_chat/server_api/handler_helper.go:18.31,21.5 1 0
rich_chat/server_api/handler_helper.go:22.31,25.5 1 0
rich_chat/server_api/handler_helper.go:26.32,29.5 1 0
rich_chat/server_api/handler_helper.go:30.34,31.14 1 0
rich_chat/server_api/handler_helper.go:32.31,35.5 1 0
rich_chat/server_api/handler_helper.go:36.40,39.5 1 0
rich_chat/server_api/handler_helper.go:40.37,46.5 2 0
rich_chat/server_api/handler_helper.go:47.40,53.5 2 0
rich_chat/server_api/handler_helper.go:54.38,60.5 2 0
rich_chat/server_api/handler_helper.go:61.43,67.5 2 0
rich_chat/server_api/handler_helper.go:68.10,75.5 2 0
rich_chat/server_api/main.go:36.19,72.16 4 0
rich_chat/server_api/main.go:72.16,74.3 1 0
rich_chat/server_api/main.go:77.2,108.48 7 0
rich_chat/server_api/main.go:108.48,122.5 4 0
rich_chat/server_api/main.go:125.2,153.57 14 0
rich_chat/server_api/main.go:153.57,155.3 1 0
rich_chat/server_api/main.go:158.13,177.56 9 0
rich_chat/server_api/main.go:177.56,179.3 1 0
rich_chat/server_api/main.go:183.43,184.30 1 0
rich_chat/server_api/main.go:184.30,187.17 2 0
rich_chat/server_api/main.go:187.17,189.4 1 0
rich_chat/server_api/main.go:190.3,190.17 1 0
rich_chat/server_api/main.go:190.17,192.4 1 0
rich_chat/server_api/main.go:193.3,193.17 1 0
rich_chat/server_api/main.go:193.17,195.4 1 0
rich_chat/server_api/main.go:198.3,200.11 2 0
rich_chat/server_api/main.go:205.78,207.13 2 0
rich_chat/server_api/main.go:207.13,209.3 1 0
rich_chat/server_api/main.go:211.2,212.9 2 0
rich_chat/server_api/main.go:212.9,214.3 1 0
rich_chat/server_api/main.go:216.2,218.11 3 0
rich_chat/server_api/redis_manager.go:18.33,29.16 4 0
rich_chat/server_api/redis_manager.go:29.16,34.3 1 0
rich_chat/server_api/redis_manager.go:36.2,41.3 2 0
rich_chat/server_api/redis_manager.go:45.62,47.22 2 0
rich_chat/server_api/redis_manager.go:47.22,50.3 1 0
rich_chat/server_api/redis_manager.go:50.8,50.23 1 0
rich_chat/server_api/redis_manager.go:50.23,56.3 2 0
rich_chat/server_api/redis_manager.go:58.2,58.18 1 0
rich_chat/server_api/redis_manager.go:62.77,64.16 2 0
rich_chat/server_api/redis_manager.go:64.16,69.3 1 0
rich_chat/server_api/redis_manager.go:73.51,75.2 1 0
rich_chat/server_api/redis_manager.go:78.61,80.2 1 0
rich_chat/server_api/redis_manager.go:83.54,85.2 1 0
rich_chat/server_api/redis_manager.go:88.50,90.16 2 0
rich_chat/server_api/redis_manager.go:90.16,95.3 1 0
rich_chat/server_api/redis_manager.go:99.61,101.16 2 0
rich_chat/server_api/redis_manager.go:101.16,107.3 2 0
rich_chat/server_api/redis_manager.go:109.2,109.12 1 0
rich_chat/server_api/redis_manager.go:113.74,115.16 2 0
rich_chat/server_api/redis_manager.go:115.16,120.3 1 0
rich_chat/server_api/redis_manager.go:124.64,126.22 2 0
rich_chat/server_api/redis_manager.go:126.22,128.3 1 0
rich_chat/server_api/redis_manager.go:128.8,128.23 1 0
rich_chat/server_api/redis_manager.go:128.23,134.3 2 0
rich_chat/server_api/redis_manager.go:136.2,136.18 1 0
rich_chat/server_api/redis_manager.go:140.63,148.2 4 0
rich_chat/server_api/safe_policy.go:15.36,16.30 1 0
rich_chat/server_api/safe_policy.go:16.30,18.19 1 0
rich_chat/server_api/safe_policy.go:18.19,20.4 1 0
rich_chat/server_api/safe_policy.go:21.3,22.25 1 0
rich_chat/server_api/safe_policy.go:22.25,24.39 2 0
rich_chat/server_api/safe_policy.go:24.39,26.5 1 0
rich_chat/server_api/safe_policy.go:27.4,29.10 3 0
rich_chat/server_api/safe_policy.go:35.35,36.30 1 0
rich_chat/server_api/safe_policy.go:36.30,41.23 2 0
rich_chat/server_api/safe_policy.go:41.23,44.17 3 0
rich_chat/server_api/safe_policy.go:44.17,50.5 3 0
rich_chat/server_api/safe_policy.go:54.3,54.23 1 0
rich_chat/server_api/safe_policy.go:54.23,57.62 3 0
rich_chat/server_api/safe_policy.go:57.62,70.5 5 0
rich_chat/server_api/safe_policy.go:74.3,74.70 1 0
rich_chat/server_api/safe_policy.go:74.70,80.4 3 0
rich_chat/server_api/safe_policy.go:82.3,83.32 2 0
rich_chat/server_api/safe_policy.go:83.32,90.4 3 0
rich_chat/server_api/safe_policy.go:93.3,94.22 2 0
rich_chat/server_api/safe_policy.go:94.22,97.4 2 0
rich_chat/server_api/safe_policy.go:98.3,99.19 2 0
rich_chat/server_api/safe_policy.go:99.19,103.4 3 0
rich_chat/server_api/safe_policy.go:105.3,107.48 2 0
rich_chat/server_api/safe_policy.go:107.48,109.60 1 0
rich_chat/server_api/safe_policy.go:109.60,111.6 1 0
rich_chat/server_api/safe_policy.go:112.5,112.35 1 0
rich_chat/server_api/safe_policy.go:115.3,115.17 1 0
rich_chat/server_api/safe_policy.go:115.17,125.4 5 0
rich_chat/server_api/safe_policy.go:127.3,128.17 2 0
rich_chat/server_api/safe_policy.go:128.17,138.4 5 0
rich_chat/server_api/safe_policy.go:140.3,140.47 1 0
rich_chat/server_api/safe_policy.go:140.47,148.4 5 0
rich_chat/server_api/safe_policy.go:151.3,151.22 1 0
rich_chat/server_api/safe_policy.go:151.22,153.15 2 0
rich_chat/server_api/safe_policy.go:153.15,163.5 5 0
rich_chat/server_api/safe_policy.go:166.3,166.11 1 0
rich_chat/server_api/web_server_page.go:14.48,16.2 1 0
rich_chat/server_api/web_server_page.go:19.57,25.16 3 0
rich_chat/server_api/web_server_page.go:25.16,33.3 3 0
rich_chat/server_api/web_server_page.go:36.2,37.16 2 0
rich_chat/server_api/web_server_page.go:37.16,45.3 3 0
rich_chat/server_api/web_server_page.go:47.2,53.4 2 0
rich_chat/server_api/web_server_page.go:57.48,67.16 3 0
rich_chat/server_api/web_server_page.go:67.16,70.3 2 0
rich_chat/server_api/web_server_page.go:73.2,81.4 2 0
rich_chat/server_api/web_server_page.go:85.51,95.16 3 0
rich_chat/server_api/web_server_page.go:95.16,98.3 2 0
rich_chat/server_api/web_server_page.go:101.2,109.4 2 0
rich_chat/server_api/web_server_page.go:113.53,119.16 3 0
rich_chat/server_api/web_server_page.go:119.16,124.3 2 0
rich_chat/server_api/web_server_page.go:127.2,135.16 3 0
rich_chat/server_api/web_server_page.go:135.16,138.3 2 0
rich_chat/server_api/web_server_page.go:141.2,147.4 2 0
rich_chat/server_api/web_server_page.go:151.57,157.16 3 0
rich_chat/server_api/web_server_page.go:157.16,162.3 2 0
rich_chat/server_api/web_server_page.go:165.2,166.78 2 0
rich_chat/server_api/web_server_page.go:166.78,169.3 2 0
rich_chat/server_api/web_server_page.go:172.2,173.16 2 0
rich_chat/server_api/web_server_page.go:173.16,176.3 2 0
rich_chat/server_api/web_server_page.go:179.2,182.4 1 0
rich_chat/server_api/web_server_page.go:186.60,192.16 3 0
rich_chat/server_api/web_server_page.go:192.16,197.3 2 0
rich_chat/server_api/web_server_page.go:200.2,201.78 2 0
rich_chat/server_api/web_server_page.go:201.78,204.3 2 0
rich_chat/server_api/web_server_page.go:207.2,215.16 3 0
rich_chat/server_api/web_server_page.go:215.16,218.3 2 0
rich_chat/server_api/web_server_page.go:221.2,228.4 2 0
rich_chat/server_api/web_server_page.go:232.61,238.16 3 0
rich_chat/server_api/web_server_page.go:238.16,243.3 2 0
rich_chat/server_api/web_server_page.go:246.2,247.78 2 0
rich_chat/server_api/web_server_page.go:247.78,250.3 2 0
rich_chat/server_api/web_server_page.go:252.2,264.16 5 0
rich_chat/server_api/web_server_page.go:264.16,267.3 2 0
rich_chat/server_api/web_server_page.go:270.2,276.4 2 0
rich_chat/server_api/websocket/connection.go:28.29,35.2 1 1
rich_chat/server_api/websocket/connection.go:40.42,43.3 1 0
rich_chat/server_api/websocket/connection.go:74.34,76.15 2 0
rich_chat/server_api/websocket/connection.go:76.15,79.3 2 0
rich_chat/server_api/websocket/connection.go:81.2,81.6 1 0
rich_chat/server_api/websocket/connection.go:81.6,82.10 1 0
rich_chat/server_api/websocket/connection.go:83.32,84.11 1 0
rich_chat/server_api/websocket/connection.go:84.11,87.19 2 0
rich_chat/server_api/websocket/connection.go:87.19,89.6 1 0
rich_chat/server_api/websocket/connection.go:90.5,90.11 1 0
rich_chat/server_api/websocket/connection.go:93.4,95.18 3 0
rich_chat/server_api/websocket/connection.go:95.18,97.5 1 0
rich_chat/server_api/websocket/connection.go:100.4,100.46 1 0
rich_chat/server_api/websocket/connection.go:100.46,102.5 1 0
rich_chat/server_api/websocket/connection.go:105.4,106.27 2 0
rich_chat/server_api/websocket/connection.go:106.27,109.5 2 0
rich_chat/server_api/websocket/connection.go:111.4,111.36 1 0
rich_chat/server_api/websocket/connection.go:111.36,113.5 1 0
rich_chat/server_api/websocket/connection.go:114.19,116.72 1 0
rich_chat/server_api/websocket/connection.go:116.72,118.5 1 0
rich_chat/server_api/websocket/connection.go:127.3,128.15 1 0
rich_chat/server_api/websocket/connection.go:128.15,131.3 2 0
rich_chat/server_api/websocket/connection.go:133.2,136.22 3 0
rich_chat/server_api/websocket/connection.go:136.22,139.4 2 0
rich_chat/server_api/websocket/connection.go:142.2,142.6 1 0
rich_chat/server_api/websocket/connection.go:142.6,144.17 2 0
rich_chat/server_api/websocket/connection.go:144.17,149.6 1 0
rich_chat/server_api/websocket/connection.go:149.6,151.5 1 0
rich_chat/server_api/websocket/connection.go:152.4,152.9 1 0
rich_chat/server_api/websocket/connection.go:156.3,157.61 2 0
rich_chat/server_api/websocket/connection.go:157.61,159.12 2 0
rich_chat/server_api/websocket/connection.go:163.3,163.25 1 0
rich_chat/server_api/websocket/connection.go:164.23,167.11 2 0
rich_chat/server_api/websocket/connection.go:167.11,169.13 2 0
rich_chat/server_api/websocket/connection.go:172.4,189.27 6 0
rich_chat/server_api/websocket/connection.go:191.24,194.11 2 0
rich_chat/server_api/websocket/connection.go:194.11,196.13 2 0
rich_chat/server_api/websocket/connection.go:199.4,216.27 6 0
rich_chat/server_api/websocket/connection.go:218.15,221.11 2 0
rich_chat/server_api/websocket/connection.go:221.11,223.13 2 0
rich_chat/server_api/websocket/connection.go:226.4,227.11 2 0
rich_chat/server_api/websocket/connection.go:227.11,229.13 2 0
rich_chat/server_api/websocket/connection.go:232.4,233.11 2 0
rich_chat/server_api/websocket/connection.go:233.11,235.13 2 0
rich_chat/server_api/websocket/connection.go:239.4,253.5 2 0
rich_chat/server_api/websocket/connection.go:255.11,264.27 3 0
rich_chat/server_api/websocket/connection.go:278.3,281.16 2 0
rich_chat/server_api/websocket/connection.go:281.16,284.3 2 0
rich_chat/server_api/websocket/connection.go:286.2,287.16 2 0
rich_chat/server_api/websocket/connection.go:287.16,290.3 2 0
rich_chat/server_api/websocket/connection.go:292.2,306.50 4 0
rich_chat/server_api/websocket/connection.go:321.16,323.22 2 0
rich_chat/server_api/websocket/connection.go:323.22,325.3 1 0
rich_chat/server_api/websocket/connection.go:328.2,329.70 2 0
rich_chat/server_api/websocket/connection.go:329.70,331.3 1 0
rich_chat/server_api/websocket/connection.go:331.8,333.3 1 0
rich_chat/server_api/websocket/connection.go:336.2,338.47 2 0
rich_chat/server_api/websocket/connection.go:338.47,340.59 1 0
rich_chat/server_api/websocket/connection.go:340.59,342.5 1 0
rich_chat/server_api/websocket/connection.go:343.4,343.33 1 0
rich_chat/server_api/websocket/connection.go:346.2,346.16 1 0
rich_chat/server_api/websocket/connection.go:346.16,348.3 1 0
rich_chat/server_api/websocket/connection.go:350.2,350.18 1 0
rich_chat/server_api/websocket/connection.go:350.18,352.3 1 0
rich_chat/server_api/websocket/connection.go:355.2,356.13 2 0
rich_chat/server_api/websocket/connection.go:356.13,358.3 1 0
rich_chat/server_api/websocket/connection.go:360.2,360.27 1 0
rich_chat/server_api/websocket/connection.go:364.59,366.16 2 1
rich_chat/server_api/websocket/connection.go:366.16,368.3 1 0
rich_chat/server_api/websocket/connection.go:371.2,371.53 1 1
rich_chat/server_api/websocket/connection.go:371.53,373.3 1 1
rich_chat/server_api/websocket/connection.go:375.2,375.9 1 1
rich_chat/server_api/websocket/connection.go:376.29,376.29 0 1
rich_chat/server_api/websocket/connection.go:377.10,380.24 2 0
rich_chat/server_api/websocket/connection.go:383.2,383.12 1 1
rich_chat/server_api/websocket/handler.go:21.137,29.2 1 1
rich_chat/server_api/websocket/handler.go:32.53,34.2 1 0
rich_chat/server_api/websocket/handler.go:37.51,39.2 1 0
rich_chat/server_api/websocket/handler.go:41.72,43.2 1 1
rich_chat/server_api/websocket/handler.go:45.67,47.2 1 0
rich_chat/server_api/websocket/handler.go:49.49,51.2 1 1
rich_chat/server_api/websocket/handler.go:53.73,55.2 1 1
rich_chat/server_api/websocket/handler.go:57.33,60.2 2 1
rich_chat/server_api/websocket/handler.go:63.50,69.2 1 1
rich_chat/server_api/websocket/handler.go:72.51,82.2 2 1
rich_chat/server_api/websocket/hub.go:47.20,57.2 1 1
rich_chat/server_api/websocket/hub.go:60.21,61.6 1 0
rich_chat/server_api/websocket/hub.go:61.6,62.10 1 0
rich_chat/server_api/websocket/hub.go:63.29,66.20 3 0
rich_chat/server_api/websocket/hub.go:68.31,70.47 2 0
rich_chat/server_api/websocket/hub.go:70.47,72.48 1 0
rich_chat/server_api/websocket/hub.go:72.48,74.6 1 0
rich_chat/server_api/websocket/hub.go:76.5,77.21 2 0
rich_chat/server_api/websocket/hub.go:79.4,79.20 1 0
rich_chat/server_api/websocket/hub.go:81.31,84.20 3 0
rich_chat/server_api/websocket/hub.go:86.32,89.20 3 0
rich_chat/server_api/websocket/hub.go:91.29,94.10 3 0
rich_chat/server_api/websocket/hub.go:94.10,96.35 1 0
rich_chat/server_api/websocket/hub.go:96.35,98.45 1 0
rich_chat/server_api/websocket/hub.go:98.45,100.7 1 0
rich_chat/server_api/websocket/hub.go:103.4,103.21 1 0
rich_chat/server_api/websocket/hub.go:109.61,111.51 1 1
rich_chat/server_api/websocket/hub.go:111.51,113.3 1 1
rich_chat/server_api/websocket/hub.go:116.2,116.46 1 1
rich_chat/server_api/websocket/hub.go:120.66,121.61 1 1
rich_chat/server_api/websocket/hub.go:121.61,126.29 2 1
rich_chat/server_api/websocket/hub.go:126.29,128.4 1 1
rich_chat/server_api/websocket/hub.go:132.2,132.40 1 1
rich_chat/server_api/websocket/hub.go:136.69,141.61 4 1
rich_chat/server_api/websocket/hub.go:141.61,142.34 1 1
rich_chat/server_api/websocket/hub.go:142.34,144.4 1 1
rich_chat/server_api/websocket/hub.go:147.2,147.20 1 1
rich_chat/server_api/websocket/hub.go:151.60,156.2 3 1
rich_chat/server_api/websocket/hub.go:159.45,165.2 4 1
rich_chat/server_api/websocket/hub.go:168.68,172.61 3 1
rich_chat/server_api/websocket/hub.go:172.61,173.34 1 0
rich_chat/server_api/websocket/hub.go:173.34,175.35 1 0
rich_chat/server_api/websocket/hub.go:175.35,177.5 1 0
rich_chat/server_api/websocket/hub.go:183.63,188.13 4 1
rich_chat/server_api/websocket/hub.go:188.13,190.3 1 1
rich_chat/server_api/websocket/hub.go:192.2,192.30 1 1
rich_chat/server_api/websocket/hub.go:196.23,201.37 3 1
rich_chat/server_api/websocket/hub.go:201.37,204.3 2 0
rich_chat/server_api/websocket/hub.go:207.2,208.59 2 1
rich_chat/server_api/service/auth_service.go:35.20,42.2 1 1
rich_chat/server_api/service/auth_service.go:45.97,47.46 1 1
rich_chat/server_api/service/auth_service.go:47.46,49.3 1 1
rich_chat/server_api/service/auth_service.go:52.2,52.80 1 1
rich_chat/server_api/service/auth_service.go:52.80,54.3 1 1
rich_chat/server_api/service/auth_service.go:57.2,57.28 1 1
rich_chat/server_api/service/auth_service.go:57.28,59.13 2 1
rich_chat/server_api/service/auth_service.go:59.13,64.4 2 1
rich_chat/server_api/service/auth_service.go:68.2,69.16 2 1
rich_chat/server_api/service/auth_service.go:69.16,76.29 2 1
rich_chat/server_api/service/auth_service.go:76.29,78.4 1 1
rich_chat/server_api/service/auth_service.go:80.3,80.33 1 1
rich_chat/server_api/service/auth_service.go:84.2,84.103 1 1
rich_chat/server_api/service/auth_service.go:84.103,91.29 2 1
rich_chat/server_api/service/auth_service.go:91.29,93.4 1 1
rich_chat/server_api/service/auth_service.go:95.3,95.33 1 1
rich_chat/server_api/service/auth_service.go:99.2,99.28 1 1
rich_chat/server_api/service/auth_service.go:99.28,101.3 1 1
rich_chat/server_api/service/auth_service.go:104.2,108.16 3 1
rich_chat/server_api/service/auth_service.go:108.16,114.3 2 0
rich_chat/server_api/service/auth_service.go:116.2,124.8 2 1
rich_chat/server_api/service/auth_service.go:128.106,130.46 1 1
rich_chat/server_api/service/auth_service.go:130.46,132.3 1 0
rich_chat/server_api/service/auth_service.go:135.2,135.80 1 1
rich_chat/server_api/service/auth_service.go:135.80,137.3 1 1
rich_chat/server_api/service/auth_service.go:140.2,140.52 1 1
rich_chat/server_api/service/auth_service.go:140.52,143.3 1 0
rich_chat/server_api/service/auth_service.go:146.2,147.16 2 1
rich_chat/server_api/service/auth_service.go:147.16,153.3 2 0
rich_chat/server_api/service/auth_service.go:154.2,154.12 1 1
rich_chat/server_api/service/auth_service.go:154.12,156.3 1 1
rich_chat/server_api/service/auth_service.go:159.2,160.16 2 1
rich_chat/server_api/service/auth_service.go:160.16,166.3 2 0
rich_chat/server_api/service/auth_service.go:169.2,170.16 2 1
rich_chat/server_api/service/auth_service.go:170.16,173.55 1 1
rich_chat/server_api/service/auth_service.go:173.55,175.4 1 0
rich_chat/server_api/service/auth_service.go:177.3,181.59 2 1
rich_chat/server_api/service/auth_service.go:185.2,186.16 2 1
rich_chat/server_api/service/auth_service.go:186.16,192.3 2 0
rich_chat/server_api/service/auth_service.go:194.2,202.8 2 1
rich_chat/server_api/service/auth_service.go:206.69,208.2 1 0
rich_chat/server_api/service/auth_service.go:211.65,213.2 1 0
rich_chat/server_api/service/auth_service.go:216.67,218.2 1 0
rich_chat/server_api/service/factory.go:31.13,67.2 9 0
rich_chat/server_api/service/mocks.go:17.94,20.2 2 1
rich_chat/server_api/service/mocks.go:22.72,25.2 2 0
rich_chat/server_api/service/mocks.go:27.90,30.2 2 0
rich_chat/server_api/service/mocks.go:32.72,35.2 2 1
rich_chat/server_api/service/mocks.go:42.97,45.2 2 0
rich_chat/server_api/service/mocks.go:47.106,50.2 2 0
rich_chat/server_api/service/mocks.go:52.69,55.2 2 0
rich_chat/server_api/service/mocks.go:57.65,60.2 2 0
rich_chat/server_api/service/mocks.go:62.67,65.2 2 0
rich_chat/server_api/service/mocks.go:72.103,75.2 2 0
rich_chat/server_api/service/mocks.go:77.103,80.2 2 0
rich_chat/server_api/service/mocks.go:82.101,85.2 2 0
rich_chat/server_api/service/mocks.go:87.89,90.2 2 0
rich_chat/server_api/service/mocks.go:92.70,95.2 2 0
rich_chat/server_api/service/mocks.go:97.69,100.2 2 0
rich_chat/server_api/service/token_service.go:29.97,34.2 1 1
rich_chat/server_api/service/token_service.go:43.94,57.16 5 1
rich_chat/server_api/service/token_service.go:57.16,63.3 2 0
rich_chat/server_api/service/token_service.go:65.2,69.25 2 1
rich_chat/server_api/service/token_service.go:73.72,75.44 2 1
rich_chat/server_api/service/token_service.go:75.44,80.3 2 0
rich_chat/server_api/service/token_service.go:81.2,81.39 1 1
rich_chat/server_api/service/token_service.go:85.90,87.16 2 1
rich_chat/server_api/service/token_service.go:87.16,93.3 2 1
rich_chat/server_api/service/token_service.go:95.2,100.12 2 1
rich_chat/server_api/service/token_service.go:104.72,105.17 1 1
rich_chat/server_api/service/token_service.go:105.17,107.3 1 0
rich_chat/server_api/service/token_service.go:109.2,110.16 2 1
rich_chat/server_api/service/token_service.go:110.16,116.3 2 1
rich_chat/server_api/service/token_service.go:118.2,118.12 1 1
rich_chat/server_api/service/token_service.go:118.12,123.3 2 0
rich_chat/server_api/service/token_service.go:125.2,125.12 1 1
rich_chat/server_api/service/user_service.go:30.20,38.2 1 1
rich_chat/server_api/service/user_service.go:41.103,44.16 2 1
rich_chat/server_api/service/user_service.go:44.16,50.3 2 1
rich_chat/server_api/service/user_service.go:51.2,51.13 1 1
rich_chat/server_api/service/user_service.go:51.13,54.3 1 1
rich_chat/server_api/service/user_service.go:57.2,58.16 2 1
rich_chat/server_api/service/user_service.go:58.16,64.3 2 1
rich_chat/server_api/service/user_service.go:66.2,66.21 1 1
rich_chat/server_api/service/user_service.go:70.103,72.19 1 1
rich_chat/server_api/service/user_service.go:72.19,74.3 1 1
rich_chat/server_api/service/user_service.go:77.2,77.17 1 1
rich_chat/server_api/service/user_service.go:78.15,79.74 1 1
rich_chat/server_api/service/user_service.go:79.74,88.45 2 1
rich_chat/server_api/service/user_service.go:88.45,90.5 1 1
rich_chat/server_api/service/user_service.go:90.10,90.97 1 1
rich_chat/server_api/service/user_service.go:90.97,92.5 1 1
rich_chat/server_api/service/user_service.go:93.4,93.26 1 0
rich_chat/server_api/service/user_service.go:95.13,96.70 1 1
rich_chat/server_api/service/user_service.go:96.70,104.4 2 1
rich_chat/server_api/service/user_service.go:105.18,105.18 0 1
rich_chat/server_api/service/user_service.go:107.10,107.10 0 1
rich_chat/server_api/service/user_service.go:112.2,113.16 2 1
rich_chat/server_api/service/user_service.go:113.16,121.29 3 1
rich_chat/server_api/service/user_service.go:121.29,123.4 1 1
rich_chat/server_api/service/user_service.go:126.3,126.28 1 1
rich_chat/server_api/service/user_service.go:130.2,131.16 2 1
rich_chat/server_api/service/user_service.go:131.16,138.3 2 1
rich_chat/server_api/service/user_service.go:140.2,145.12 2 1
rich_chat/server_api/service/user_service.go:149.101,151.52 1 1
rich_chat/server_api/service/user_service.go:151.52,153.3 1 1
rich_chat/server_api/service/user_service.go:156.2,156.85 1 1
rich_chat/server_api/service/user_service.go:156.85,163.95 2 1
rich_chat/server_api/service/user_service.go:163.95,165.4 1 1
rich_chat/server_api/service/user_service.go:166.3,166.25 1 0
rich_chat/server_api/service/user_service.go:170.2,171.16 2 1
rich_chat/server_api/service/user_service.go:171.16,180.29 3 1
rich_chat/server_api/service/user_service.go:180.29,182.4 1 1
rich_chat/server_api/service/user_service.go:183.3,183.28 1 1
rich_chat/server_api/service/user_service.go:187.2,188.28 2 1
rich_chat/server_api/service/user_service.go:188.28,190.13 2 1
rich_chat/server_api/service/user_service.go:190.13,195.4 2 1
rich_chat/server_api/service/user_service.go:199.2,202.16 1 1
rich_chat/server_api/service/user_service.go:202.16,208.29 2 1
rich_chat/server_api/service/user_service.go:208.29,210.4 1 1
rich_chat/server_api/service/user_service.go:211.3,211.28 1 1
rich_chat/server_api/service/user_service.go:215.2,216.16 2 1
rich_chat/server_api/service/user_service.go:216.16,222.3 2 0
rich_chat/server_api/service/user_service.go:225.2,226.16 2 1
rich_chat/server_api/service/user_service.go:226.16,233.29 2 0
rich_chat/server_api/service/user_service.go:233.29,235.4 1 0
rich_chat/server_api/service/user_service.go:236.3,236.63 1 0
rich_chat/server_api/service/user_service.go:239.2,242.12 2 1
rich_chat/server_api/service/user_service.go:246.89,248.24 1 1
rich_chat/server_api/service/user_service.go:248.24,250.3 1 1
rich_chat/server_api/service/user_service.go:252.2,255.28 2 1
rich_chat/server_api/service/user_service.go:255.28,257.13 2 1
rich_chat/server_api/service/user_service.go:257.13,262.4 2 1
rich_chat/server_api/service/user_service.go:266.2,267.16 2 1
rich_chat/server_api/service/user_service.go:267.16,274.29 2 1
rich_chat/server_api/service/user_service.go:274.29,276.4 1 1
rich_chat/server_api/service/user_service.go:279.3,279.28 1 1
rich_chat/server_api/service/user_service.go:283.2,286.16 1 1
rich_chat/server_api/service/user_service.go:286.16,292.29 2 1
rich_chat/server_api/service/user_service.go:292.29,294.4 1 1
rich_chat/server_api/service/user_service.go:296.3,296.28 1 1
rich_chat/server_api/service/user_service.go:300.2,300.28 1 1
rich_chat/server_api/service/user_service.go:300.28,302.3 1 1
rich_chat/server_api/service/user_service.go:305.2,306.16 2 1
rich_chat/server_api/service/user_service.go:306.16,312.3 2 0
rich_chat/server_api/service/user_service.go:314.2,318.12 2 1
rich_chat/server_api/service/user_service.go:322.70,323.28 1 1
rich_chat/server_api/service/user_service.go:323.28,325.3 1 1
rich_chat/server_api/service/user_service.go:327.2,328.15 2 1
rich_chat/server_api/service/user_service.go:332.69,334.2 1 1
